10:48:37 **** Incremental Build of configuration Debug for project EXTI_Test ****
make -j8 all 
arm-none-eabi-gcc "../Core/Src/main.c" -mcpu=cortex-m4 -std=gnu11 -g3 -DUSE_HAL_DRIVER -DSTM32F301x8 -DDEBUG -c -I../Core/Inc -I../Drivers/STM32F3xx_HAL_Driver/Inc -I../Drivers/STM32F3xx_HAL_Driver/Inc/Legacy -I../Drivers/CMSIS/Device/ST/STM32F3xx/Include -I../Drivers/CMSIS/Include -O0 -ffunction-sections -fdata-sections -Wall -fstack-usage -MMD -MP -MF"Core/Src/main.d" -MT"Core/Src/main.o" --specs=nano.specs -mfpu=fpv4-sp-d16 -mfloat-abi=hard -mthumb -o "Core/Src/main.o"
arm-none-eabi-gcc -o "EXTI_Test.elf" @"objects.list"   -mcpu=cortex-m4 -T"D:\STM32_CubeIDE_Workspace\EXTI_Test\STM32F301C8TX_FLASH.ld" --specs=nosys.specs -Wl,-Map="EXTI_Test.map" -Wl,--gc-sections -static --specs=nano.specs -mfpu=fpv4-sp-d16 -mfloat-abi=hard -mthumb -Wl,--start-group -lc -lm -Wl,--end-group
Finished building target: EXTI_Test.elf
 
arm-none-eabi-objdump -h -S  EXTI_Test.elf  > "EXTI_Test.list"
arm-none-eabi-objcopy  -O binary  EXTI_Test.elf  "EXTI_Test.bin"
arm-none-eabi-size   EXTI_Test.elf 
   text	   data	    bss	    dec	    hex	filename
   7392	     20	   1572	   8984	   2318	EXTI_Test.elf
Finished building: default.size.stdout
 
Finished building: EXTI_Test.bin
Finished building: EXTI_Test.list
 
 

10:48:38 Build Finished. 0 errors, 0 warnings. (took 714ms)

