10:28:22 **** Incremental Build of configuration Debug for project Internal_RTC_Test ****
make -j8 all 
arm-none-eabi-gcc "../Core/Src/main.c" -mcpu=cortex-m4 -std=gnu11 -g3 -DUSE_HAL_DRIVER -DSTM32F301x8 -DDEBUG -c -I../Core/Inc -I../Drivers/STM32F3xx_HAL_Driver/Inc -I../Drivers/STM32F3xx_HAL_Driver/Inc/Legacy -I../Drivers/CMSIS/Device/ST/STM32F3xx/Include -I../Drivers/CMSIS/Include -O0 -ffunction-sections -fdata-sections -Wall -fstack-usage -MMD -MP -MF"Core/Src/main.d" -MT"Core/Src/main.o" --specs=nano.specs -mfpu=fpv4-sp-d16 -mfloat-abi=hard -mthumb -o "Core/Src/main.o"
../Core/Src/main.c: In function 'main':
../Core/Src/main.c:112:3: warning: implicit declaration of function 'sprintf' [-Wimplicit-function-declaration]
   sprintf(Time,"TIME  %02d:%02d",sTime.Hours,sTime.Minutes);
   ^~~~~~~
../Core/Src/main.c:112:3: warning: incompatible implicit declaration of built-in function 'sprintf'
../Core/Src/main.c:112:3: note: include '<stdio.h>' or provide a declaration of 'sprintf'
../Core/Src/main.c:112:11: warning: pointer targets in passing argument 1 of 'sprintf' differ in signedness [-Wpointer-sign]
   sprintf(Time,"TIME  %02d:%02d",sTime.Hours,sTime.Minutes);
           ^~~~
../Core/Src/main.c:112:11: note: expected 'char *' but argument is of type 'uint8_t * {aka unsigned char *}'
../Core/Src/main.c:113:11: warning: pointer targets in passing argument 1 of 'sprintf' differ in signedness [-Wpointer-sign]
   sprintf(Date,"DATE  %02d/%02d/%02d",sDate.Date,sDate.Month,sDate.Year);
           ^~~~
../Core/Src/main.c:113:11: note: expected 'char *' but argument is of type 'uint8_t * {aka unsigned char *}'
../Core/Src/main.c:117:33: warning: pointer targets in passing argument 2 of 'HAL_UART_Transmit' differ in signedness [-Wpointer-sign]
      HAL_UART_Transmit(&huart2, "\r\n", 4, 10);
                                 ^~~~~~
In file included from ../Core/Inc/stm32f3xx_hal_conf.h:326:0,
                 from ../Drivers/STM32F3xx_HAL_Driver/Inc/stm32f3xx_hal.h:30,
                 from ../Core/Inc/main.h:31,
                 from ../Core/Src/main.c:21:
../Drivers/STM32F3xx_HAL_Driver/Inc/stm32f3xx_hal_uart.h:1462:19: note: expected 'uint8_t * {aka unsigned char *}' but argument is of type 'char *'
 HAL_StatusTypeDef HAL_UART_Transmit(UART_HandleTypeDef *huart, uint8_t *pData, uint16_t Size, uint32_t Timeout);
                   ^~~~~~~~~~~~~~~~~
arm-none-eabi-gcc -o "Internal_RTC_Test.elf" @"objects.list"   -mcpu=cortex-m4 -T"D:\STM32_CubeIDE_Workspace\Internal_RTC_Test\STM32F301C8TX_FLASH.ld" --specs=nosys.specs -Wl,-Map="Internal_RTC_Test.map" -Wl,--gc-sections -static --specs=nano.specs -mfpu=fpv4-sp-d16 -mfloat-abi=hard -mthumb -Wl,--start-group -lc -lm -Wl,--end-group
Finished building target: Internal_RTC_Test.elf
 
arm-none-eabi-objdump -h -S  Internal_RTC_Test.elf  > "Internal_RTC_Test.list"
arm-none-eabi-objcopy  -O binary  Internal_RTC_Test.elf  "Internal_RTC_Test.bin"
arm-none-eabi-size   Internal_RTC_Test.elf 
   text	   data	    bss	    dec	    hex	filename
  15032	    120	   1936	  17088	   42c0	Internal_RTC_Test.elf
Finished building: default.size.stdout
 
Finished building: Internal_RTC_Test.bin
 
Finished building: Internal_RTC_Test.list
 

10:28:23 Build Finished. 0 errors, 5 warnings. (took 840ms)

