12:35:17 **** Incremental Build of configuration Debug for project LED Blink Module ****
make -j8 all 
arm-none-eabi-gcc "../Core/Src/stm32f1xx_hal_msp.c" -mcpu=cortex-m3 -std=gnu11 -g3 -DDEBUG -DUSE_HAL_DRIVER -DSTM32F103xB -c -I../Core/Inc -I../Drivers/STM32F1xx_HAL_Driver/Inc/Legacy -I../Drivers/STM32F1xx_HAL_Driver/Inc -I../Drivers/CMSIS/Device/ST/STM32F1xx/Include -I../Drivers/CMSIS/Include -O0 -ffunction-sections -fdata-sections -Wall -fstack-usage -fcyclomatic-complexity -MMD -MP -MF"Core/Src/stm32f1xx_hal_msp.d" -MT"Core/Src/stm32f1xx_hal_msp.o" --specs=nano.specs -mfloat-abi=soft -mthumb -o "Core/Src/stm32f1xx_hal_msp.o"
arm-none-eabi-gcc -o "LED Blink Module.elf" @"objects.list"   -mcpu=cortex-m3 -T"D:\STM32_CubeIDE_Workspace\LED Blink Module\STM32F103C8TX_FLASH.ld" --specs=nosys.specs -Wl,-Map="LED Blink Module.map" -Wl,--gc-sections -static --specs=nano.specs -mfloat-abi=soft -mthumb -Wl,--start-group -lc -lm -Wl,--end-group
C:/ST/STM32CubeIDE_1.4.0/STM32CubeIDE/plugins/com.st.stm32cube.ide.mcu.externaltools.gnu-tools-for-stm32.12.3.rel1.win32_1.0.200.202406191623/tools/bin/../lib/gcc/arm-none-eabi/12.3.1/../../../../arm-none-eabi/bin/ld.exe: warning: LED Blink Module.elf has a LOAD segment with RWX permissions
Finished building target: LED Blink Module.elf
 
arm-none-eabi-size  LED\ Blink\ Module.elf 
arm-none-eabi-objdump -h -S LED\ Blink\ Module.elf  > "LED Blink Module.list"
   text	   data	    bss	    dec	    hex	filename
   6040	     20	   1620	   7680	   1e00	LED Blink Module.elf
Finished building: default.size.stdout
 
Finished building: LED Blink Module.list
 

12:35:18 Build Finished. 0 errors, 1 warnings. (took 981ms)

