09:59:47 **** Incremental Build of configuration Debug for project Pulse ****
make -j8 all 
arm-none-eabi-gcc "../Core/Src/main.c" -mcpu=cortex-m4 -std=gnu11 -g3 -DUSE_HAL_DRIVER -DSTM32F301x8 -DDEBUG -c -I../Core/Inc -I../Drivers/STM32F3xx_HAL_Driver/Inc -I../Drivers/STM32F3xx_HAL_Driver/Inc/Legacy -I../Drivers/CMSIS/Device/ST/STM32F3xx/Include -I../Drivers/CMSIS/Include -O0 -ffunction-sections -fdata-sections -Wall -fstack-usage -MMD -MP -MF"Core/Src/main.d" -MT"Core/Src/main.o" --specs=nano.specs -mfpu=fpv4-sp-d16 -mfloat-abi=hard -mthumb -o "Core/Src/main.o"
arm-none-eabi-gcc -o "Pulse.elf" @"objects.list"   -mcpu=cortex-m4 -T"D:\STM32_CubeIDE_Workspace\Pulse\STM32F301C8TX_FLASH.ld" --specs=nosys.specs -Wl,-Map="Pulse.map" -Wl,--gc-sections -static --specs=nano.specs -mfpu=fpv4-sp-d16 -mfloat-abi=hard -mthumb -Wl,--start-group -lc -lm -Wl,--end-group
Finished building target: Pulse.elf
 
arm-none-eabi-objdump -h -S  Pulse.elf  > "Pulse.list"
arm-none-eabi-objcopy  -O binary  Pulse.elf  "Pulse.bin"
arm-none-eabi-size   Pulse.elf 
   text	   data	    bss	    dec	    hex	filename
   7560	     20	   1572	   9152	   23c0	Pulse.elf
Finished building: default.size.stdout
 
Finished building: Pulse.bin
Finished building: Pulse.list
 
 

09:59:48 Build Finished. 0 errors, 0 warnings. (took 716ms)

