16:12:34 **** Incremental Build of configuration Debug for project STM32F301C8TX toggle GPIO ****
make -j8 all 
arm-none-eabi-gcc "../Core/Src/main.c" -mcpu=cortex-m4 -std=gnu11 -g3 -DDEBUG -DUSE_HAL_DRIVER -DSTM32F301x8 -c -I../Core/Inc -I../Drivers/STM32F3xx_HAL_Driver/Inc/Legacy -I../Drivers/STM32F3xx_HAL_Driver/Inc -I../Drivers/CMSIS/Device/ST/STM32F3xx/Include -I../Drivers/CMSIS/Include -O0 -ffunction-sections -fdata-sections -Wall -fstack-usage -fcyclomatic-complexity -MMD -MP -MF"Core/Src/main.d" -MT"Core/Src/main.o" --specs=nano.specs -mfpu=fpv4-sp-d16 -mfloat-abi=hard -mthumb -o "Core/Src/main.o"
arm-none-eabi-gcc -o "STM32F301C8TX toggle GPIO.elf" @"objects.list"   -mcpu=cortex-m4 -T"D:\STM32_CubeIDE_Workspace\Use GPIO\STM32F301C8TX_FLASH.ld" --specs=nosys.specs -Wl,-Map="STM32F301C8TX toggle GPIO.map" -Wl,--gc-sections -static --specs=nano.specs -mfpu=fpv4-sp-d16 -mfloat-abi=hard -mthumb -Wl,--start-group -lc -lm -Wl,--end-group
C:/ST/STM32CubeIDE_1.4.0/STM32CubeIDE/plugins/com.st.stm32cube.ide.mcu.externaltools.gnu-tools-for-stm32.12.3.rel1.win32_1.0.100.202403111256/tools/bin/../lib/gcc/arm-none-eabi/12.3.1/../../../../arm-none-eabi/bin/ld.exe: warning: STM32F301C8TX toggle GPIO.elf has a LOAD segment with RWX permissions
Finished building target: STM32F301C8TX toggle GPIO.elf
 
arm-none-eabi-size  STM32F301C8TX\ toggle\ GPIO.elf 
arm-none-eabi-objdump -h -S STM32F301C8TX\ toggle\ GPIO.elf  > "STM32F301C8TX toggle GPIO.list"
   text	   data	    bss	    dec	    hex	filename
   8032	     20	   1572	   9624	   2598	STM32F301C8TX toggle GPIO.elf
Finished building: default.size.stdout
 
Finished building: STM32F301C8TX toggle GPIO.list
 

16:12:35 Build Finished. 0 errors, 1 warnings. (took 918ms)

