13:42:43 **** Build of configuration Debug for project STM32F4_03_NonBlockigMode ****
make all 
arm-none-eabi-gcc "../src/HTU21D.c" -mcpu=cortex-m4 -std=gnu11 -g3 -DSTM32F42_43xxx -DUSE_STDPERIPH_DRIVER -c -I../src -I../Libraries/CMSIS/Include -I../Libraries/Device/ST/STM32F4xx/Include -I../Libraries/STM32F4xx_StdPeriph_Driver/inc -O0 -ffunction-sections -fdata-sections -Wall -fstack-usage -MMD -MP -MF"src/HTU21D.d" -MT"src/HTU21D.o"  -mfpu=fpv4-sp-d16 -mfloat-abi=hard -mthumb -o "src/HTU21D.o"
arm-none-eabi-gcc "../src/HTU21D_PlatformSpecific.c" -mcpu=cortex-m4 -std=gnu11 -g3 -DSTM32F42_43xxx -DUSE_STDPERIPH_DRIVER -c -I../src -I../Libraries/CMSIS/Include -I../Libraries/Device/ST/STM32F4xx/Include -I../Libraries/STM32F4xx_StdPeriph_Driver/inc -O0 -ffunction-sections -fdata-sections -Wall -fstack-usage -MMD -MP -MF"src/HTU21D_PlatformSpecific.d" -MT"src/HTU21D_PlatformSpecific.o"  -mfpu=fpv4-sp-d16 -mfloat-abi=hard -mthumb -o "src/HTU21D_PlatformSpecific.o"
arm-none-eabi-gcc "../src/main.c" -mcpu=cortex-m4 -std=gnu11 -g3 -DSTM32F42_43xxx -DUSE_STDPERIPH_DRIVER -c -I../src -I../Libraries/CMSIS/Include -I../Libraries/Device/ST/STM32F4xx/Include -I../Libraries/STM32F4xx_StdPeriph_Driver/inc -O0 -ffunction-sections -fdata-sections -Wall -fstack-usage -MMD -MP -MF"src/main.d" -MT"src/main.o"  -mfpu=fpv4-sp-d16 -mfloat-abi=hard -mthumb -o "src/main.o"
arm-none-eabi-gcc -mcpu=cortex-m4 -g3 -DSTM32F42_43xxx -DUSE_STDPERIPH_DRIVER -c -I../src -I../Libraries/CMSIS/Include -I../Libraries/Device/ST/STM32F4xx/Include -I../Libraries/STM32F4xx_StdPeriph_Driver/inc -x assembler-with-cpp -MMD -MP -MF"src/startup_stm32f429x.d" -MT"src/startup_stm32f429x.o"  -mfpu=fpv4-sp-d16 -mfloat-abi=hard -mthumb -o "src/startup_stm32f429x.o" "../src/startup_stm32f429x.s"
arm-none-eabi-gcc "../src/stm32f4xx_it.c" -mcpu=cortex-m4 -std=gnu11 -g3 -DSTM32F42_43xxx -DUSE_STDPERIPH_DRIVER -c -I../src -I../Libraries/CMSIS/Include -I../Libraries/Device/ST/STM32F4xx/Include -I../Libraries/STM32F4xx_StdPeriph_Driver/inc -O0 -ffunction-sections -fdata-sections -Wall -fstack-usage -MMD -MP -MF"src/stm32f4xx_it.d" -MT"src/stm32f4xx_it.o"  -mfpu=fpv4-sp-d16 -mfloat-abi=hard -mthumb -o "src/stm32f4xx_it.o"
arm-none-eabi-gcc "../src/system_stm32f4xx.c" -mcpu=cortex-m4 -std=gnu11 -g3 -DSTM32F42_43xxx -DUSE_STDPERIPH_DRIVER -c -I../src -I../Libraries/CMSIS/Include -I../Libraries/Device/ST/STM32F4xx/Include -I../Libraries/STM32F4xx_StdPeriph_Driver/inc -O0 -ffunction-sections -fdata-sections -Wall -fstack-usage -MMD -MP -MF"src/system_stm32f4xx.d" -MT"src/system_stm32f4xx.o"  -mfpu=fpv4-sp-d16 -mfloat-abi=hard -mthumb -o "src/system_stm32f4xx.o"
../src/system_stm32f4xx.c: In function 'SetSysClock':
../src/system_stm32f4xx.c:550:5: warning: this 'while' clause does not guard... [-Wmisleading-indentation]
  550 |     while ((RCC->CFGR & (uint32_t)RCC_CFGR_SWS ) != RCC_CFGR_SWS_PLL);
      |     ^~~~~
../src/system_stm32f4xx.c:551:5: note: ...this statement, but the latter is misleadingly indented as if it were guarded by the 'while'
  551 |     {
      |     ^
arm-none-eabi-gcc "../Libraries/STM32F4xx_StdPeriph_Driver/src/misc.c" -mcpu=cortex-m4 -std=gnu11 -g3 -DSTM32F42_43xxx -DUSE_STDPERIPH_DRIVER -c -I../src -I../Libraries/CMSIS/Include -I../Libraries/Device/ST/STM32F4xx/Include -I../Libraries/STM32F4xx_StdPeriph_Driver/inc -O0 -ffunction-sections -fdata-sections -Wall -fstack-usage -MMD -MP -MF"Libraries/STM32F4xx_StdPeriph_Driver/src/misc.d" -MT"Libraries/STM32F4xx_StdPeriph_Driver/src/misc.o"  -mfpu=fpv4-sp-d16 -mfloat-abi=hard -mthumb -o "Libraries/STM32F4xx_StdPeriph_Driver/src/misc.o"
arm-none-eabi-gcc "../Libraries/STM32F4xx_StdPeriph_Driver/src/stm32f4xx_adc.c" -mcpu=cortex-m4 -std=gnu11 -g3 -DSTM32F42_43xxx -DUSE_STDPERIPH_DRIVER -c -I../src -I../Libraries/CMSIS/Include -I../Libraries/Device/ST/STM32F4xx/Include -I../Libraries/STM32F4xx_StdPeriph_Driver/inc -O0 -ffunction-sections -fdata-sections -Wall -fstack-usage -MMD -MP -MF"Libraries/STM32F4xx_StdPeriph_Driver/src/stm32f4xx_adc.d" -MT"Libraries/STM32F4xx_StdPeriph_Driver/src/stm32f4xx_adc.o"  -mfpu=fpv4-sp-d16 -mfloat-abi=hard -mthumb -o "Libraries/STM32F4xx_StdPeriph_Driver/src/stm32f4xx_adc.o"
arm-none-eabi-gcc "../Libraries/STM32F4xx_StdPeriph_Driver/src/stm32f4xx_can.c" -mcpu=cortex-m4 -std=gnu11 -g3 -DSTM32F42_43xxx -DUSE_STDPERIPH_DRIVER -c -I../src -I../Libraries/CMSIS/Include -I../Libraries/Device/ST/STM32F4xx/Include -I../Libraries/STM32F4xx_StdPeriph_Driver/inc -O0 -ffunction-sections -fdata-sections -Wall -fstack-usage -MMD -MP -MF"Libraries/STM32F4xx_StdPeriph_Driver/src/stm32f4xx_can.d" -MT"Libraries/STM32F4xx_StdPeriph_Driver/src/stm32f4xx_can.o"  -mfpu=fpv4-sp-d16 -mfloat-abi=hard -mthumb -o "Libraries/STM32F4xx_StdPeriph_Driver/src/stm32f4xx_can.o"
arm-none-eabi-gcc "../Libraries/STM32F4xx_StdPeriph_Driver/src/stm32f4xx_crc.c" -mcpu=cortex-m4 -std=gnu11 -g3 -DSTM32F42_43xxx -DUSE_STDPERIPH_DRIVER -c -I../src -I../Libraries/CMSIS/Include -I../Libraries/Device/ST/STM32F4xx/Include -I../Libraries/STM32F4xx_StdPeriph_Driver/inc -O0 -ffunction-sections -fdata-sections -Wall -fstack-usage -MMD -MP -MF"Libraries/STM32F4xx_StdPeriph_Driver/src/stm32f4xx_crc.d" -MT"Libraries/STM32F4xx_StdPeriph_Driver/src/stm32f4xx_crc.o"  -mfpu=fpv4-sp-d16 -mfloat-abi=hard -mthumb -o "Libraries/STM32F4xx_StdPeriph_Driver/src/stm32f4xx_crc.o"
arm-none-eabi-gcc "../Libraries/STM32F4xx_StdPeriph_Driver/src/stm32f4xx_cryp.c" -mcpu=cortex-m4 -std=gnu11 -g3 -DSTM32F42_43xxx -DUSE_STDPERIPH_DRIVER -c -I../src -I../Libraries/CMSIS/Include -I../Libraries/Device/ST/STM32F4xx/Include -I../Libraries/STM32F4xx_StdPeriph_Driver/inc -O0 -ffunction-sections -fdata-sections -Wall -fstack-usage -MMD -MP -MF"Libraries/STM32F4xx_StdPeriph_Driver/src/stm32f4xx_cryp.d" -MT"Libraries/STM32F4xx_StdPeriph_Driver/src/stm32f4xx_cryp.o"  -mfpu=fpv4-sp-d16 -mfloat-abi=hard -mthumb -o "Libraries/STM32F4xx_StdPeriph_Driver/src/stm32f4xx_cryp.o"
arm-none-eabi-gcc "../Libraries/STM32F4xx_StdPeriph_Driver/src/stm32f4xx_cryp_aes.c" -mcpu=cortex-m4 -std=gnu11 -g3 -DSTM32F42_43xxx -DUSE_STDPERIPH_DRIVER -c -I../src -I../Libraries/CMSIS/Include -I../Libraries/Device/ST/STM32F4xx/Include -I../Libraries/STM32F4xx_StdPeriph_Driver/inc -O0 -ffunction-sections -fdata-sections -Wall -fstack-usage -MMD -MP -MF"Libraries/STM32F4xx_StdPeriph_Driver/src/stm32f4xx_cryp_aes.d" -MT"Libraries/STM32F4xx_StdPeriph_Driver/src/stm32f4xx_cryp_aes.o"  -mfpu=fpv4-sp-d16 -mfloat-abi=hard -mthumb -o "Libraries/STM32F4xx_StdPeriph_Driver/src/stm32f4xx_cryp_aes.o"
arm-none-eabi-gcc "../Libraries/STM32F4xx_StdPeriph_Driver/src/stm32f4xx_cryp_des.c" -mcpu=cortex-m4 -std=gnu11 -g3 -DSTM32F42_43xxx -DUSE_STDPERIPH_DRIVER -c -I../src -I../Libraries/CMSIS/Include -I../Libraries/Device/ST/STM32F4xx/Include -I../Libraries/STM32F4xx_StdPeriph_Driver/inc -O0 -ffunction-sections -fdata-sections -Wall -fstack-usage -MMD -MP -MF"Libraries/STM32F4xx_StdPeriph_Driver/src/stm32f4xx_cryp_des.d" -MT"Libraries/STM32F4xx_StdPeriph_Driver/src/stm32f4xx_cryp_des.o"  -mfpu=fpv4-sp-d16 -mfloat-abi=hard -mthumb -o "Libraries/STM32F4xx_StdPeriph_Driver/src/stm32f4xx_cryp_des.o"
arm-none-eabi-gcc "../Libraries/STM32F4xx_StdPeriph_Driver/src/stm32f4xx_cryp_tdes.c" -mcpu=cortex-m4 -std=gnu11 -g3 -DSTM32F42_43xxx -DUSE_STDPERIPH_DRIVER -c -I../src -I../Libraries/CMSIS/Include -I../Libraries/Device/ST/STM32F4xx/Include -I../Libraries/STM32F4xx_StdPeriph_Driver/inc -O0 -ffunction-sections -fdata-sections -Wall -fstack-usage -MMD -MP -MF"Libraries/STM32F4xx_StdPeriph_Driver/src/stm32f4xx_cryp_tdes.d" -MT"Libraries/STM32F4xx_StdPeriph_Driver/src/stm32f4xx_cryp_tdes.o"  -mfpu=fpv4-sp-d16 -mfloat-abi=hard -mthumb -o "Libraries/STM32F4xx_StdPeriph_Driver/src/stm32f4xx_cryp_tdes.o"
arm-none-eabi-gcc "../Libraries/STM32F4xx_StdPeriph_Driver/src/stm32f4xx_dac.c" -mcpu=cortex-m4 -std=gnu11 -g3 -DSTM32F42_43xxx -DUSE_STDPERIPH_DRIVER -c -I../src -I../Libraries/CMSIS/Include -I../Libraries/Device/ST/STM32F4xx/Include -I../Libraries/STM32F4xx_StdPeriph_Driver/inc -O0 -ffunction-sections -fdata-sections -Wall -fstack-usage -MMD -MP -MF"Libraries/STM32F4xx_StdPeriph_Driver/src/stm32f4xx_dac.d" -MT"Libraries/STM32F4xx_StdPeriph_Driver/src/stm32f4xx_dac.o"  -mfpu=fpv4-sp-d16 -mfloat-abi=hard -mthumb -o "Libraries/STM32F4xx_StdPeriph_Driver/src/stm32f4xx_dac.o"
arm-none-eabi-gcc "../Libraries/STM32F4xx_StdPeriph_Driver/src/stm32f4xx_dbgmcu.c" -mcpu=cortex-m4 -std=gnu11 -g3 -DSTM32F42_43xxx -DUSE_STDPERIPH_DRIVER -c -I../src -I../Libraries/CMSIS/Include -I../Libraries/Device/ST/STM32F4xx/Include -I../Libraries/STM32F4xx_StdPeriph_Driver/inc -O0 -ffunction-sections -fdata-sections -Wall -fstack-usage -MMD -MP -MF"Libraries/STM32F4xx_StdPeriph_Driver/src/stm32f4xx_dbgmcu.d" -MT"Libraries/STM32F4xx_StdPeriph_Driver/src/stm32f4xx_dbgmcu.o"  -mfpu=fpv4-sp-d16 -mfloat-abi=hard -mthumb -o "Libraries/STM32F4xx_StdPeriph_Driver/src/stm32f4xx_dbgmcu.o"
arm-none-eabi-gcc "../Libraries/STM32F4xx_StdPeriph_Driver/src/stm32f4xx_dcmi.c" -mcpu=cortex-m4 -std=gnu11 -g3 -DSTM32F42_43xxx -DUSE_STDPERIPH_DRIVER -c -I../src -I../Libraries/CMSIS/Include -I../Libraries/Device/ST/STM32F4xx/Include -I../Libraries/STM32F4xx_StdPeriph_Driver/inc -O0 -ffunction-sections -fdata-sections -Wall -fstack-usage -MMD -MP -MF"Libraries/STM32F4xx_StdPeriph_Driver/src/stm32f4xx_dcmi.d" -MT"Libraries/STM32F4xx_StdPeriph_Driver/src/stm32f4xx_dcmi.o"  -mfpu=fpv4-sp-d16 -mfloat-abi=hard -mthumb -o "Libraries/STM32F4xx_StdPeriph_Driver/src/stm32f4xx_dcmi.o"
arm-none-eabi-gcc "../Libraries/STM32F4xx_StdPeriph_Driver/src/stm32f4xx_dma.c" -mcpu=cortex-m4 -std=gnu11 -g3 -DSTM32F42_43xxx -DUSE_STDPERIPH_DRIVER -c -I../src -I../Libraries/CMSIS/Include -I../Libraries/Device/ST/STM32F4xx/Include -I../Libraries/STM32F4xx_StdPeriph_Driver/inc -O0 -ffunction-sections -fdata-sections -Wall -fstack-usage -MMD -MP -MF"Libraries/STM32F4xx_StdPeriph_Driver/src/stm32f4xx_dma.d" -MT"Libraries/STM32F4xx_StdPeriph_Driver/src/stm32f4xx_dma.o"  -mfpu=fpv4-sp-d16 -mfloat-abi=hard -mthumb -o "Libraries/STM32F4xx_StdPeriph_Driver/src/stm32f4xx_dma.o"
arm-none-eabi-gcc "../Libraries/STM32F4xx_StdPeriph_Driver/src/stm32f4xx_dma2d.c" -mcpu=cortex-m4 -std=gnu11 -g3 -DSTM32F42_43xxx -DUSE_STDPERIPH_DRIVER -c -I../src -I../Libraries/CMSIS/Include -I../Libraries/Device/ST/STM32F4xx/Include -I../Libraries/STM32F4xx_StdPeriph_Driver/inc -O0 -ffunction-sections -fdata-sections -Wall -fstack-usage -MMD -MP -MF"Libraries/STM32F4xx_StdPeriph_Driver/src/stm32f4xx_dma2d.d" -MT"Libraries/STM32F4xx_StdPeriph_Driver/src/stm32f4xx_dma2d.o"  -mfpu=fpv4-sp-d16 -mfloat-abi=hard -mthumb -o "Libraries/STM32F4xx_StdPeriph_Driver/src/stm32f4xx_dma2d.o"
arm-none-eabi-gcc "../Libraries/STM32F4xx_StdPeriph_Driver/src/stm32f4xx_exti.c" -mcpu=cortex-m4 -std=gnu11 -g3 -DSTM32F42_43xxx -DUSE_STDPERIPH_DRIVER -c -I../src -I../Libraries/CMSIS/Include -I../Libraries/Device/ST/STM32F4xx/Include -I../Libraries/STM32F4xx_StdPeriph_Driver/inc -O0 -ffunction-sections -fdata-sections -Wall -fstack-usage -MMD -MP -MF"Libraries/STM32F4xx_StdPeriph_Driver/src/stm32f4xx_exti.d" -MT"Libraries/STM32F4xx_StdPeriph_Driver/src/stm32f4xx_exti.o"  -mfpu=fpv4-sp-d16 -mfloat-abi=hard -mthumb -o "Libraries/STM32F4xx_StdPeriph_Driver/src/stm32f4xx_exti.o"
arm-none-eabi-gcc "../Libraries/STM32F4xx_StdPeriph_Driver/src/stm32f4xx_flash.c" -mcpu=cortex-m4 -std=gnu11 -g3 -DSTM32F42_43xxx -DUSE_STDPERIPH_DRIVER -c -I../src -I../Libraries/CMSIS/Include -I../Libraries/Device/ST/STM32F4xx/Include -I../Libraries/STM32F4xx_StdPeriph_Driver/inc -O0 -ffunction-sections -fdata-sections -Wall -fstack-usage -MMD -MP -MF"Libraries/STM32F4xx_StdPeriph_Driver/src/stm32f4xx_flash.d" -MT"Libraries/STM32F4xx_StdPeriph_Driver/src/stm32f4xx_flash.o"  -mfpu=fpv4-sp-d16 -mfloat-abi=hard -mthumb -o "Libraries/STM32F4xx_StdPeriph_Driver/src/stm32f4xx_flash.o"
arm-none-eabi-gcc "../Libraries/STM32F4xx_StdPeriph_Driver/src/stm32f4xx_fmc.c" -mcpu=cortex-m4 -std=gnu11 -g3 -DSTM32F42_43xxx -DUSE_STDPERIPH_DRIVER -c -I../src -I../Libraries/CMSIS/Include -I../Libraries/Device/ST/STM32F4xx/Include -I../Libraries/STM32F4xx_StdPeriph_Driver/inc -O0 -ffunction-sections -fdata-sections -Wall -fstack-usage -MMD -MP -MF"Libraries/STM32F4xx_StdPeriph_Driver/src/stm32f4xx_fmc.d" -MT"Libraries/STM32F4xx_StdPeriph_Driver/src/stm32f4xx_fmc.o"  -mfpu=fpv4-sp-d16 -mfloat-abi=hard -mthumb -o "Libraries/STM32F4xx_StdPeriph_Driver/src/stm32f4xx_fmc.o"
arm-none-eabi-gcc "../Libraries/STM32F4xx_StdPeriph_Driver/src/stm32f4xx_gpio.c" -mcpu=cortex-m4 -std=gnu11 -g3 -DSTM32F42_43xxx -DUSE_STDPERIPH_DRIVER -c -I../src -I../Libraries/CMSIS/Include -I../Libraries/Device/ST/STM32F4xx/Include -I../Libraries/STM32F4xx_StdPeriph_Driver/inc -O0 -ffunction-sections -fdata-sections -Wall -fstack-usage -MMD -MP -MF"Libraries/STM32F4xx_StdPeriph_Driver/src/stm32f4xx_gpio.d" -MT"Libraries/STM32F4xx_StdPeriph_Driver/src/stm32f4xx_gpio.o"  -mfpu=fpv4-sp-d16 -mfloat-abi=hard -mthumb -o "Libraries/STM32F4xx_StdPeriph_Driver/src/stm32f4xx_gpio.o"
arm-none-eabi-gcc "../Libraries/STM32F4xx_StdPeriph_Driver/src/stm32f4xx_hash.c" -mcpu=cortex-m4 -std=gnu11 -g3 -DSTM32F42_43xxx -DUSE_STDPERIPH_DRIVER -c -I../src -I../Libraries/CMSIS/Include -I../Libraries/Device/ST/STM32F4xx/Include -I../Libraries/STM32F4xx_StdPeriph_Driver/inc -O0 -ffunction-sections -fdata-sections -Wall -fstack-usage -MMD -MP -MF"Libraries/STM32F4xx_StdPeriph_Driver/src/stm32f4xx_hash.d" -MT"Libraries/STM32F4xx_StdPeriph_Driver/src/stm32f4xx_hash.o"  -mfpu=fpv4-sp-d16 -mfloat-abi=hard -mthumb -o "Libraries/STM32F4xx_StdPeriph_Driver/src/stm32f4xx_hash.o"
arm-none-eabi-gcc "../Libraries/STM32F4xx_StdPeriph_Driver/src/stm32f4xx_hash_md5.c" -mcpu=cortex-m4 -std=gnu11 -g3 -DSTM32F42_43xxx -DUSE_STDPERIPH_DRIVER -c -I../src -I../Libraries/CMSIS/Include -I../Libraries/Device/ST/STM32F4xx/Include -I../Libraries/STM32F4xx_StdPeriph_Driver/inc -O0 -ffunction-sections -fdata-sections -Wall -fstack-usage -MMD -MP -MF"Libraries/STM32F4xx_StdPeriph_Driver/src/stm32f4xx_hash_md5.d" -MT"Libraries/STM32F4xx_StdPeriph_Driver/src/stm32f4xx_hash_md5.o"  -mfpu=fpv4-sp-d16 -mfloat-abi=hard -mthumb -o "Libraries/STM32F4xx_StdPeriph_Driver/src/stm32f4xx_hash_md5.o"
arm-none-eabi-gcc "../Libraries/STM32F4xx_StdPeriph_Driver/src/stm32f4xx_hash_sha1.c" -mcpu=cortex-m4 -std=gnu11 -g3 -DSTM32F42_43xxx -DUSE_STDPERIPH_DRIVER -c -I../src -I../Libraries/CMSIS/Include -I../Libraries/Device/ST/STM32F4xx/Include -I../Libraries/STM32F4xx_StdPeriph_Driver/inc -O0 -ffunction-sections -fdata-sections -Wall -fstack-usage -MMD -MP -MF"Libraries/STM32F4xx_StdPeriph_Driver/src/stm32f4xx_hash_sha1.d" -MT"Libraries/STM32F4xx_StdPeriph_Driver/src/stm32f4xx_hash_sha1.o"  -mfpu=fpv4-sp-d16 -mfloat-abi=hard -mthumb -o "Libraries/STM32F4xx_StdPeriph_Driver/src/stm32f4xx_hash_sha1.o"
arm-none-eabi-gcc "../Libraries/STM32F4xx_StdPeriph_Driver/src/stm32f4xx_i2c.c" -mcpu=cortex-m4 -std=gnu11 -g3 -DSTM32F42_43xxx -DUSE_STDPERIPH_DRIVER -c -I../src -I../Libraries/CMSIS/Include -I../Libraries/Device/ST/STM32F4xx/Include -I../Libraries/STM32F4xx_StdPeriph_Driver/inc -O0 -ffunction-sections -fdata-sections -Wall -fstack-usage -MMD -MP -MF"Libraries/STM32F4xx_StdPeriph_Driver/src/stm32f4xx_i2c.d" -MT"Libraries/STM32F4xx_StdPeriph_Driver/src/stm32f4xx_i2c.o"  -mfpu=fpv4-sp-d16 -mfloat-abi=hard -mthumb -o "Libraries/STM32F4xx_StdPeriph_Driver/src/stm32f4xx_i2c.o"
arm-none-eabi-gcc "../Libraries/STM32F4xx_StdPeriph_Driver/src/stm32f4xx_iwdg.c" -mcpu=cortex-m4 -std=gnu11 -g3 -DSTM32F42_43xxx -DUSE_STDPERIPH_DRIVER -c -I../src -I../Libraries/CMSIS/Include -I../Libraries/Device/ST/STM32F4xx/Include -I../Libraries/STM32F4xx_StdPeriph_Driver/inc -O0 -ffunction-sections -fdata-sections -Wall -fstack-usage -MMD -MP -MF"Libraries/STM32F4xx_StdPeriph_Driver/src/stm32f4xx_iwdg.d" -MT"Libraries/STM32F4xx_StdPeriph_Driver/src/stm32f4xx_iwdg.o"  -mfpu=fpv4-sp-d16 -mfloat-abi=hard -mthumb -o "Libraries/STM32F4xx_StdPeriph_Driver/src/stm32f4xx_iwdg.o"
arm-none-eabi-gcc "../Libraries/STM32F4xx_StdPeriph_Driver/src/stm32f4xx_ltdc.c" -mcpu=cortex-m4 -std=gnu11 -g3 -DSTM32F42_43xxx -DUSE_STDPERIPH_DRIVER -c -I../src -I../Libraries/CMSIS/Include -I../Libraries/Device/ST/STM32F4xx/Include -I../Libraries/STM32F4xx_StdPeriph_Driver/inc -O0 -ffunction-sections -fdata-sections -Wall -fstack-usage -MMD -MP -MF"Libraries/STM32F4xx_StdPeriph_Driver/src/stm32f4xx_ltdc.d" -MT"Libraries/STM32F4xx_StdPeriph_Driver/src/stm32f4xx_ltdc.o"  -mfpu=fpv4-sp-d16 -mfloat-abi=hard -mthumb -o "Libraries/STM32F4xx_StdPeriph_Driver/src/stm32f4xx_ltdc.o"
arm-none-eabi-gcc "../Libraries/STM32F4xx_StdPeriph_Driver/src/stm32f4xx_pwr.c" -mcpu=cortex-m4 -std=gnu11 -g3 -DSTM32F42_43xxx -DUSE_STDPERIPH_DRIVER -c -I../src -I../Libraries/CMSIS/Include -I../Libraries/Device/ST/STM32F4xx/Include -I../Libraries/STM32F4xx_StdPeriph_Driver/inc -O0 -ffunction-sections -fdata-sections -Wall -fstack-usage -MMD -MP -MF"Libraries/STM32F4xx_StdPeriph_Driver/src/stm32f4xx_pwr.d" -MT"Libraries/STM32F4xx_StdPeriph_Driver/src/stm32f4xx_pwr.o"  -mfpu=fpv4-sp-d16 -mfloat-abi=hard -mthumb -o "Libraries/STM32F4xx_StdPeriph_Driver/src/stm32f4xx_pwr.o"
arm-none-eabi-gcc "../Libraries/STM32F4xx_StdPeriph_Driver/src/stm32f4xx_rcc.c" -mcpu=cortex-m4 -std=gnu11 -g3 -DSTM32F42_43xxx -DUSE_STDPERIPH_DRIVER -c -I../src -I../Libraries/CMSIS/Include -I../Libraries/Device/ST/STM32F4xx/Include -I../Libraries/STM32F4xx_StdPeriph_Driver/inc -O0 -ffunction-sections -fdata-sections -Wall -fstack-usage -MMD -MP -MF"Libraries/STM32F4xx_StdPeriph_Driver/src/stm32f4xx_rcc.d" -MT"Libraries/STM32F4xx_StdPeriph_Driver/src/stm32f4xx_rcc.o"  -mfpu=fpv4-sp-d16 -mfloat-abi=hard -mthumb -o "Libraries/STM32F4xx_StdPeriph_Driver/src/stm32f4xx_rcc.o"
arm-none-eabi-gcc "../Libraries/STM32F4xx_StdPeriph_Driver/src/stm32f4xx_rng.c" -mcpu=cortex-m4 -std=gnu11 -g3 -DSTM32F42_43xxx -DUSE_STDPERIPH_DRIVER -c -I../src -I../Libraries/CMSIS/Include -I../Libraries/Device/ST/STM32F4xx/Include -I../Libraries/STM32F4xx_StdPeriph_Driver/inc -O0 -ffunction-sections -fdata-sections -Wall -fstack-usage -MMD -MP -MF"Libraries/STM32F4xx_StdPeriph_Driver/src/stm32f4xx_rng.d" -MT"Libraries/STM32F4xx_StdPeriph_Driver/src/stm32f4xx_rng.o"  -mfpu=fpv4-sp-d16 -mfloat-abi=hard -mthumb -o "Libraries/STM32F4xx_StdPeriph_Driver/src/stm32f4xx_rng.o"
arm-none-eabi-gcc "../Libraries/STM32F4xx_StdPeriph_Driver/src/stm32f4xx_rtc.c" -mcpu=cortex-m4 -std=gnu11 -g3 -DSTM32F42_43xxx -DUSE_STDPERIPH_DRIVER -c -I../src -I../Libraries/CMSIS/Include -I../Libraries/Device/ST/STM32F4xx/Include -I../Libraries/STM32F4xx_StdPeriph_Driver/inc -O0 -ffunction-sections -fdata-sections -Wall -fstack-usage -MMD -MP -MF"Libraries/STM32F4xx_StdPeriph_Driver/src/stm32f4xx_rtc.d" -MT"Libraries/STM32F4xx_StdPeriph_Driver/src/stm32f4xx_rtc.o"  -mfpu=fpv4-sp-d16 -mfloat-abi=hard -mthumb -o "Libraries/STM32F4xx_StdPeriph_Driver/src/stm32f4xx_rtc.o"
arm-none-eabi-gcc "../Libraries/STM32F4xx_StdPeriph_Driver/src/stm32f4xx_sai.c" -mcpu=cortex-m4 -std=gnu11 -g3 -DSTM32F42_43xxx -DUSE_STDPERIPH_DRIVER -c -I../src -I../Libraries/CMSIS/Include -I../Libraries/Device/ST/STM32F4xx/Include -I../Libraries/STM32F4xx_StdPeriph_Driver/inc -O0 -ffunction-sections -fdata-sections -Wall -fstack-usage -MMD -MP -MF"Libraries/STM32F4xx_StdPeriph_Driver/src/stm32f4xx_sai.d" -MT"Libraries/STM32F4xx_StdPeriph_Driver/src/stm32f4xx_sai.o"  -mfpu=fpv4-sp-d16 -mfloat-abi=hard -mthumb -o "Libraries/STM32F4xx_StdPeriph_Driver/src/stm32f4xx_sai.o"
arm-none-eabi-gcc "../Libraries/STM32F4xx_StdPeriph_Driver/src/stm32f4xx_sdio.c" -mcpu=cortex-m4 -std=gnu11 -g3 -DSTM32F42_43xxx -DUSE_STDPERIPH_DRIVER -c -I../src -I../Libraries/CMSIS/Include -I../Libraries/Device/ST/STM32F4xx/Include -I../Libraries/STM32F4xx_StdPeriph_Driver/inc -O0 -ffunction-sections -fdata-sections -Wall -fstack-usage -MMD -MP -MF"Libraries/STM32F4xx_StdPeriph_Driver/src/stm32f4xx_sdio.d" -MT"Libraries/STM32F4xx_StdPeriph_Driver/src/stm32f4xx_sdio.o"  -mfpu=fpv4-sp-d16 -mfloat-abi=hard -mthumb -o "Libraries/STM32F4xx_StdPeriph_Driver/src/stm32f4xx_sdio.o"
arm-none-eabi-gcc "../Libraries/STM32F4xx_StdPeriph_Driver/src/stm32f4xx_spi.c" -mcpu=cortex-m4 -std=gnu11 -g3 -DSTM32F42_43xxx -DUSE_STDPERIPH_DRIVER -c -I../src -I../Libraries/CMSIS/Include -I../Libraries/Device/ST/STM32F4xx/Include -I../Libraries/STM32F4xx_StdPeriph_Driver/inc -O0 -ffunction-sections -fdata-sections -Wall -fstack-usage -MMD -MP -MF"Libraries/STM32F4xx_StdPeriph_Driver/src/stm32f4xx_spi.d" -MT"Libraries/STM32F4xx_StdPeriph_Driver/src/stm32f4xx_spi.o"  -mfpu=fpv4-sp-d16 -mfloat-abi=hard -mthumb -o "Libraries/STM32F4xx_StdPeriph_Driver/src/stm32f4xx_spi.o"
arm-none-eabi-gcc "../Libraries/STM32F4xx_StdPeriph_Driver/src/stm32f4xx_syscfg.c" -mcpu=cortex-m4 -std=gnu11 -g3 -DSTM32F42_43xxx -DUSE_STDPERIPH_DRIVER -c -I../src -I../Libraries/CMSIS/Include -I../Libraries/Device/ST/STM32F4xx/Include -I../Libraries/STM32F4xx_StdPeriph_Driver/inc -O0 -ffunction-sections -fdata-sections -Wall -fstack-usage -MMD -MP -MF"Libraries/STM32F4xx_StdPeriph_Driver/src/stm32f4xx_syscfg.d" -MT"Libraries/STM32F4xx_StdPeriph_Driver/src/stm32f4xx_syscfg.o"  -mfpu=fpv4-sp-d16 -mfloat-abi=hard -mthumb -o "Libraries/STM32F4xx_StdPeriph_Driver/src/stm32f4xx_syscfg.o"
arm-none-eabi-gcc "../Libraries/STM32F4xx_StdPeriph_Driver/src/stm32f4xx_tim.c" -mcpu=cortex-m4 -std=gnu11 -g3 -DSTM32F42_43xxx -DUSE_STDPERIPH_DRIVER -c -I../src -I../Libraries/CMSIS/Include -I../Libraries/Device/ST/STM32F4xx/Include -I../Libraries/STM32F4xx_StdPeriph_Driver/inc -O0 -ffunction-sections -fdata-sections -Wall -fstack-usage -MMD -MP -MF"Libraries/STM32F4xx_StdPeriph_Driver/src/stm32f4xx_tim.d" -MT"Libraries/STM32F4xx_StdPeriph_Driver/src/stm32f4xx_tim.o"  -mfpu=fpv4-sp-d16 -mfloat-abi=hard -mthumb -o "Libraries/STM32F4xx_StdPeriph_Driver/src/stm32f4xx_tim.o"
arm-none-eabi-gcc "../Libraries/STM32F4xx_StdPeriph_Driver/src/stm32f4xx_usart.c" -mcpu=cortex-m4 -std=gnu11 -g3 -DSTM32F42_43xxx -DUSE_STDPERIPH_DRIVER -c -I../src -I../Libraries/CMSIS/Include -I../Libraries/Device/ST/STM32F4xx/Include -I../Libraries/STM32F4xx_StdPeriph_Driver/inc -O0 -ffunction-sections -fdata-sections -Wall -fstack-usage -MMD -MP -MF"Libraries/STM32F4xx_StdPeriph_Driver/src/stm32f4xx_usart.d" -MT"Libraries/STM32F4xx_StdPeriph_Driver/src/stm32f4xx_usart.o"  -mfpu=fpv4-sp-d16 -mfloat-abi=hard -mthumb -o "Libraries/STM32F4xx_StdPeriph_Driver/src/stm32f4xx_usart.o"
arm-none-eabi-gcc "../Libraries/STM32F4xx_StdPeriph_Driver/src/stm32f4xx_wwdg.c" -mcpu=cortex-m4 -std=gnu11 -g3 -DSTM32F42_43xxx -DUSE_STDPERIPH_DRIVER -c -I../src -I../Libraries/CMSIS/Include -I../Libraries/Device/ST/STM32F4xx/Include -I../Libraries/STM32F4xx_StdPeriph_Driver/inc -O0 -ffunction-sections -fdata-sections -Wall -fstack-usage -MMD -MP -MF"Libraries/STM32F4xx_StdPeriph_Driver/src/stm32f4xx_wwdg.d" -MT"Libraries/STM32F4xx_StdPeriph_Driver/src/stm32f4xx_wwdg.o"  -mfpu=fpv4-sp-d16 -mfloat-abi=hard -mthumb -o "Libraries/STM32F4xx_StdPeriph_Driver/src/stm32f4xx_wwdg.o"
arm-none-eabi-gcc -o "STM32F4_03_NonBlockigMode.elf" @"objects.list"   -mcpu=cortex-m4 -T"../stm32f4_flash.ld" --specs=nosys.specs -Wl,-Map="STM32F4_03_NonBlockigMode.map" -Wl,--gc-sections -static  -mfpu=fpv4-sp-d16 -mfloat-abi=hard -mthumb -Wl,--start-group -lc -lm -Wl,--end-group
Finished building target: STM32F4_03_NonBlockigMode.elf
 
arm-none-eabi-size   STM32F4_03_NonBlockigMode.elf 
   text	   data	    bss	    dec	    hex	filename
  29008	   2508	   1116	  32632	   7f78	STM32F4_03_NonBlockigMode.elf
Finished building: default.size.stdout
 
arm-none-eabi-objdump -h -S  STM32F4_03_NonBlockigMode.elf  > "STM32F4_03_NonBlockigMode.list"
Finished building: STM32F4_03_NonBlockigMode.list
 

13:42:52 Build Finished. 0 errors, 1 warnings. (took 8s.620ms)

