13:48:39 **** Build of configuration Debug for project STM32F042F6P6TR_Toggle LED ****
make -j8 all 
arm-none-eabi-gcc "../Core/Src/main.c" -mcpu=cortex-m0 -std=gnu11 -g3 -DDEBUG -DUSE_HAL_DRIVER -DSTM32F042x6 -c -I../Core/Inc -I../Drivers/STM32F0xx_HAL_Driver/Inc -I../Drivers/STM32F0xx_HAL_Driver/Inc/Legacy -I../Drivers/CMSIS/Device/ST/STM32F0xx/Include -I../Drivers/CMSIS/Include -O0 -ffunction-sections -fdata-sections -Wall -fstack-usage -fcyclomatic-complexity -MMD -MP -MF"Core/Src/main.d" -MT"Core/Src/main.o" --specs=nano.specs -mfloat-abi=soft -mthumb -o "Core/Src/main.o"
arm-none-eabi-gcc -o "STM32F042F6P6TR_Toggle LED.elf" @"objects.list"   -mcpu=cortex-m0 -T"D:\STM32_CubeIDE_Workspace\STM32F042F6P6TR_Toggle LED\STM32F042F6PX_FLASH.ld" --specs=nosys.specs -Wl,-Map="STM32F042F6P6TR_Toggle LED.map" -Wl,--gc-sections -static --specs=nano.specs -mfloat-abi=soft -mthumb -Wl,--start-group -lc -lm -Wl,--end-group
Finished building target: STM32F042F6P6TR_Toggle LED.elf
 
arm-none-eabi-size  STM32F042F6P6TR_Toggle\ LED.elf 
arm-none-eabi-objdump -h -S STM32F042F6P6TR_Toggle\ LED.elf  > "STM32F042F6P6TR_Toggle LED.list"
   text	   data	    bss	    dec	    hex	filename
   5252	     12	   1572	   6836	   1ab4	STM32F042F6P6TR_Toggle LED.elf
Finished building: default.size.stdout
 
Finished building: STM32F042F6P6TR_Toggle LED.list
 

13:48:41 Build Finished. 0 errors, 0 warnings. (took 1s.531ms)

